// Jest Snapshot v1, https://goo.gl/fbAQLP

exports[`test register view component should render correctly register view component 1`] = `
{
  "asFragment": [Function],
  "baseElement": <body>
    <div>
      <section
        class="flex w-full flex-col space-y-4 border-l px-2 py-4 sm:px-6"
      >
        <header
          class="space-y-4 border-b pb-4"
        >
          <button
            class="justify-center whitespace-nowrap rounded-md font-medium ring-offset-background transition-colors focus-visible:outline-none focus-visible:ring-2 focus-visible:ring-ring focus-visible:ring-offset-2 disabled:pointer-events-none disabled:opacity-50 underline-offset-4 hover:underline h-10 py-2 flex items-center gap-1 px-0 text-lg text-primary"
          >
            <svg
              class="lucide lucide-undo2 "
              fill="none"
              height="18"
              stroke="currentColor"
              stroke-linecap="round"
              stroke-linejoin="round"
              stroke-width="2"
              viewBox="0 0 24 24"
              width="18"
              xmlns="http://www.w3.org/2000/svg"
            >
              <path
                d="M9 14 4 9l5-5"
              />
              <path
                d="M4 9h10.5a5.5 5.5 0 0 1 5.5 5.5v0a5.5 5.5 0 0 1-5.5 5.5H11"
              />
            </svg>
            Back to home
          </button>
          <h1
            class="scroll-m-12 font-bold text-4xl flex flex-wrap items-center gap-2"
          >
            <svg
              class="lucide lucide-clipboard-pen "
              fill="none"
              height="32"
              stroke="currentColor"
              stroke-linecap="round"
              stroke-linejoin="round"
              stroke-width="2"
              viewBox="0 0 24 24"
              width="32"
              xmlns="http://www.w3.org/2000/svg"
            >
              <rect
                height="4"
                rx="1"
                width="8"
                x="8"
                y="2"
              />
              <path
                d="M10.4 12.6a2 2 0 0 1 3 3L8 21l-4 1 1-4Z"
              />
              <path
                d="M16 4h2a2 2 0 0 1 2 2v14a2 2 0 0 1-2 2h-5.5"
              />
              <path
                d="M4 13.5V6a2 2 0 0 1 2-2h2"
              />
            </svg>
             
            Register
          </h1>
        </header>
        <div
          class="flex flex-col space-y-2"
        >
          <form
            class="space-y-2"
          >
            <div
              class="space-y-2"
            >
              <label
                class="text-sm font-medium leading-none peer-disabled:cursor-not-allowed peer-disabled:opacity-70"
                for=":r0:-form-item"
              >
                Name
              </label>
              <input
                aria-describedby=":r0:-form-item-description"
                aria-invalid="false"
                class="flex h-10 w-full rounded-md border border-input bg-background px-3 py-2 text-sm ring-offset-background file:border-0 file:bg-transparent file:text-sm file:font-medium placeholder:text-muted-foreground focus-visible:outline-none focus-visible:ring-2 focus-visible:ring-ring focus-visible:ring-offset-2 disabled:cursor-not-allowed disabled:opacity-50"
                id=":r0:-form-item"
                name="name"
                placeholder="Type your name here..."
                value=""
              />
            </div>
            <div
              class="space-y-2"
            >
              <label
                class="text-sm font-medium leading-none peer-disabled:cursor-not-allowed peer-disabled:opacity-70"
                for=":r1:-form-item"
              >
                Email
              </label>
              <input
                aria-describedby=":r1:-form-item-description"
                aria-invalid="false"
                class="flex h-10 w-full rounded-md border border-input bg-background px-3 py-2 text-sm ring-offset-background file:border-0 file:bg-transparent file:text-sm file:font-medium placeholder:text-muted-foreground focus-visible:outline-none focus-visible:ring-2 focus-visible:ring-ring focus-visible:ring-offset-2 disabled:cursor-not-allowed disabled:opacity-50"
                id=":r1:-form-item"
                name="email"
                placeholder="Type your email here..."
                value=""
              />
            </div>
            <div
              class="space-y-2"
            >
              <label
                class="text-sm font-medium leading-none peer-disabled:cursor-not-allowed peer-disabled:opacity-70"
                for=":r2:-form-item"
              >
                Password
              </label>
              <input
                aria-describedby=":r2:-form-item-description"
                aria-invalid="false"
                class="flex h-10 w-full rounded-md border border-input bg-background px-3 py-2 text-sm ring-offset-background file:border-0 file:bg-transparent file:text-sm file:font-medium placeholder:text-muted-foreground focus-visible:outline-none focus-visible:ring-2 focus-visible:ring-ring focus-visible:ring-offset-2 disabled:cursor-not-allowed disabled:opacity-50"
                id=":r2:-form-item"
                name="password"
                placeholder="******"
                type="password"
                value=""
              />
            </div>
            <button
              class="inline-flex items-center justify-center whitespace-nowrap rounded-md text-sm font-medium ring-offset-background transition-colors focus-visible:outline-none focus-visible:ring-2 focus-visible:ring-ring focus-visible:ring-offset-2 disabled:pointer-events-none disabled:opacity-50 bg-primary text-primary-foreground hover:bg-primary/90 h-10 px-4 py-2 w-full"
              type="submit"
            >
              Register
            </button>
          </form>
          <p
            class="text-center"
          >
            Already have an account?
             
            <a
              class="link-style"
              href="/login"
            >
              Login
            </a>
          </p>
        </div>
      </section>
    </div>
  </body>,
  "container": <div>
    <section
      class="flex w-full flex-col space-y-4 border-l px-2 py-4 sm:px-6"
    >
      <header
        class="space-y-4 border-b pb-4"
      >
        <button
          class="justify-center whitespace-nowrap rounded-md font-medium ring-offset-background transition-colors focus-visible:outline-none focus-visible:ring-2 focus-visible:ring-ring focus-visible:ring-offset-2 disabled:pointer-events-none disabled:opacity-50 underline-offset-4 hover:underline h-10 py-2 flex items-center gap-1 px-0 text-lg text-primary"
        >
          <svg
            class="lucide lucide-undo2 "
            fill="none"
            height="18"
            stroke="currentColor"
            stroke-linecap="round"
            stroke-linejoin="round"
            stroke-width="2"
            viewBox="0 0 24 24"
            width="18"
            xmlns="http://www.w3.org/2000/svg"
          >
            <path
              d="M9 14 4 9l5-5"
            />
            <path
              d="M4 9h10.5a5.5 5.5 0 0 1 5.5 5.5v0a5.5 5.5 0 0 1-5.5 5.5H11"
            />
          </svg>
          Back to home
        </button>
        <h1
          class="scroll-m-12 font-bold text-4xl flex flex-wrap items-center gap-2"
        >
          <svg
            class="lucide lucide-clipboard-pen "
            fill="none"
            height="32"
            stroke="currentColor"
            stroke-linecap="round"
            stroke-linejoin="round"
            stroke-width="2"
            viewBox="0 0 24 24"
            width="32"
            xmlns="http://www.w3.org/2000/svg"
          >
            <rect
              height="4"
              rx="1"
              width="8"
              x="8"
              y="2"
            />
            <path
              d="M10.4 12.6a2 2 0 0 1 3 3L8 21l-4 1 1-4Z"
            />
            <path
              d="M16 4h2a2 2 0 0 1 2 2v14a2 2 0 0 1-2 2h-5.5"
            />
            <path
              d="M4 13.5V6a2 2 0 0 1 2-2h2"
            />
          </svg>
           
          Register
        </h1>
      </header>
      <div
        class="flex flex-col space-y-2"
      >
        <form
          class="space-y-2"
        >
          <div
            class="space-y-2"
          >
            <label
              class="text-sm font-medium leading-none peer-disabled:cursor-not-allowed peer-disabled:opacity-70"
              for=":r0:-form-item"
            >
              Name
            </label>
            <input
              aria-describedby=":r0:-form-item-description"
              aria-invalid="false"
              class="flex h-10 w-full rounded-md border border-input bg-background px-3 py-2 text-sm ring-offset-background file:border-0 file:bg-transparent file:text-sm file:font-medium placeholder:text-muted-foreground focus-visible:outline-none focus-visible:ring-2 focus-visible:ring-ring focus-visible:ring-offset-2 disabled:cursor-not-allowed disabled:opacity-50"
              id=":r0:-form-item"
              name="name"
              placeholder="Type your name here..."
              value=""
            />
          </div>
          <div
            class="space-y-2"
          >
            <label
              class="text-sm font-medium leading-none peer-disabled:cursor-not-allowed peer-disabled:opacity-70"
              for=":r1:-form-item"
            >
              Email
            </label>
            <input
              aria-describedby=":r1:-form-item-description"
              aria-invalid="false"
              class="flex h-10 w-full rounded-md border border-input bg-background px-3 py-2 text-sm ring-offset-background file:border-0 file:bg-transparent file:text-sm file:font-medium placeholder:text-muted-foreground focus-visible:outline-none focus-visible:ring-2 focus-visible:ring-ring focus-visible:ring-offset-2 disabled:cursor-not-allowed disabled:opacity-50"
              id=":r1:-form-item"
              name="email"
              placeholder="Type your email here..."
              value=""
            />
          </div>
          <div
            class="space-y-2"
          >
            <label
              class="text-sm font-medium leading-none peer-disabled:cursor-not-allowed peer-disabled:opacity-70"
              for=":r2:-form-item"
            >
              Password
            </label>
            <input
              aria-describedby=":r2:-form-item-description"
              aria-invalid="false"
              class="flex h-10 w-full rounded-md border border-input bg-background px-3 py-2 text-sm ring-offset-background file:border-0 file:bg-transparent file:text-sm file:font-medium placeholder:text-muted-foreground focus-visible:outline-none focus-visible:ring-2 focus-visible:ring-ring focus-visible:ring-offset-2 disabled:cursor-not-allowed disabled:opacity-50"
              id=":r2:-form-item"
              name="password"
              placeholder="******"
              type="password"
              value=""
            />
          </div>
          <button
            class="inline-flex items-center justify-center whitespace-nowrap rounded-md text-sm font-medium ring-offset-background transition-colors focus-visible:outline-none focus-visible:ring-2 focus-visible:ring-ring focus-visible:ring-offset-2 disabled:pointer-events-none disabled:opacity-50 bg-primary text-primary-foreground hover:bg-primary/90 h-10 px-4 py-2 w-full"
            type="submit"
          >
            Register
          </button>
        </form>
        <p
          class="text-center"
        >
          Already have an account?
           
          <a
            class="link-style"
            href="/login"
          >
            Login
          </a>
        </p>
      </div>
    </section>
  </div>,
  "debug": [Function],
  "findAllByAltText": [Function],
  "findAllByDisplayValue": [Function],
  "findAllByLabelText": [Function],
  "findAllByPlaceholderText": [Function],
  "findAllByRole": [Function],
  "findAllByTestId": [Function],
  "findAllByText": [Function],
  "findAllByTitle": [Function],
  "findByAltText": [Function],
  "findByDisplayValue": [Function],
  "findByLabelText": [Function],
  "findByPlaceholderText": [Function],
  "findByRole": [Function],
  "findByTestId": [Function],
  "findByText": [Function],
  "findByTitle": [Function],
  "getAllByAltText": [Function],
  "getAllByDisplayValue": [Function],
  "getAllByLabelText": [Function],
  "getAllByPlaceholderText": [Function],
  "getAllByRole": [Function],
  "getAllByTestId": [Function],
  "getAllByText": [Function],
  "getAllByTitle": [Function],
  "getByAltText": [Function],
  "getByDisplayValue": [Function],
  "getByLabelText": [Function],
  "getByPlaceholderText": [Function],
  "getByRole": [Function],
  "getByTestId": [Function],
  "getByText": [Function],
  "getByTitle": [Function],
  "queryAllByAltText": [Function],
  "queryAllByDisplayValue": [Function],
  "queryAllByLabelText": [Function],
  "queryAllByPlaceholderText": [Function],
  "queryAllByRole": [Function],
  "queryAllByTestId": [Function],
  "queryAllByText": [Function],
  "queryAllByTitle": [Function],
  "queryByAltText": [Function],
  "queryByDisplayValue": [Function],
  "queryByLabelText": [Function],
  "queryByPlaceholderText": [Function],
  "queryByRole": [Function],
  "queryByTestId": [Function],
  "queryByText": [Function],
  "queryByTitle": [Function],
  "rerender": [Function],
  "unmount": [Function],
}
`;
